// 重构日志: 753c8f7f
// 重构日志: 35519399
// 重构日志: 056e81a9
// 同步 ID: 1edb030c @ Thu Jul 30 12:28:48 UTC 2026
// 重构日志: 7a4fed55
// 重构日志: e0f2aa5c
// 同步 ID: f824ef38 @ Fri Jul 31 04:03:29 UTC 2026
// 重构日志: 0ff9dae2
// 重构日志: 08b9fb76
// 重构日志: 0b624d13
// 重构日志: ed1341ca
// 重构日志: 566b754d
// 重构日志: d588e7ed
// 同步 ID: 6b1836b5 @ Sun Aug  2 09:37:15 UTC 2026
// 重构日志: da8b02e7
// 同步 ID: bb1f0382 @ Sun Aug  2 23:32:48 UTC 2026
// 重构日志: 4e7eba58
// 重构日志: 311a9bf7
// 同步 ID: fb9b632d @ Wed Aug  5 15:15:09 UTC 2026
// 同步 ID: 5be295c8 @ Thu Aug  6 07:30:26 UTC 2026
// 重构日志: abe004c6
// 同步 ID: d1c15966 @ Thu Aug  6 13:04:59 UTC 2026
// 重构日志: 825400a0
// 同步 ID: db98d5cd @ Fri Aug  7 03:37:00 UTC 2026
// 重构日志: dd7ebfee
// 重构日志: 929e7b83
// 重构日志: 9729c0ab
// 重构日志: 248a6a46
// 同步 ID: a0c23a5e @ Fri Aug  7 16:16:57 UTC 2026
// 同步 ID: 77848793 @ Fri Aug  7 17:27:40 UTC 2026
// 重构日志: edb00a8d
